info.magnolia.form.endpoints.v1.FormEndpointTest.getForm=[
  {
    "id": "2ccd98a1-9081-4beb-a954-c2aa2b3b4248",
    "version": 1,
    "createdBy": "superuser",
    "modifiedBy": "superuser",
    "title": "Example form",
    "description": "Poll with different types of questions.\\nPlease answer the questions bellow!",
    "image": null,
    "sections": [
      {
        "id": "873aff85-1b08-463f-941b-a960bb37eb05",
        "version": 1,
        "createdBy": "superuser",
        "modifiedBy": "superuser",
        "title": "Single option",
        "description": "Section of single choice questions.",
        "questions": [
          {
            "id": "c23458d4-80bb-4e74-bb05-4dc1c2ccd105",
            "version": 1,
            "createdBy": "superuser",
            "modifiedBy": "superuser",
            "title": "Multitask",
            "question": "Do you multitask when attending a meeting online?",
            "questionType": "single",
            "image": null,
            "rangeFrom": null,
            "rangeFromLabel": null,
            "rangeFromImage": null,
            "rangeTo": null,
            "rangeToLabel": null,
            "rangeToImage": null,
            "answerOptions": [
              {
                "id": "5511ff2f-2059-4063-b5b9-36d4dfdd18a0",
                "version": 1,
                "createdBy": "superuser",
                "modifiedBy": "superuser",
                "title": "Sometimes",
                "label": "Sometimes",
                "value": "sometimes",
                "image": null,
                "freeText": "dontShowFreeText",
                "freeTextLabel": null,
                "questionId": "c23458d4-80bb-4e74-bb05-4dc1c2ccd105",
                "orderIndex": 4,
                "content": { },
                "localisations": [ ]
              },
              {
                "id": "a20b4acb-d2ef-4f28-ae22-ec1e09b9809a",
                "version": 1,
                "createdBy": "superuser",
                "modifiedBy": "superuser",
                "title": "No, I’m 100% focused",
                "label": "No, I’m 100% focused",
                "value": "no",
                "image": null,
                "freeText": "dontShowFreeText",
                "freeTextLabel": null,
                "questionId": "c23458d4-80bb-4e74-bb05-4dc1c2ccd105",
                "orderIndex": 3,
                "content": { },
                "localisations": [ ]
              },
              {
                "id": "c39ff731-dc70-4b29-a3ea-0222eecc3cd4",
                "version": 1,
                "createdBy": "superuser",
                "modifiedBy": "superuser",
                "title": "Yes, I’m guilty",
                "label": "Yes, I’m guilty",
                "value": "yes",
                "image": null,
                "freeText": "dontShowFreeText",
                "freeTextLabel": null,
                "questionId": "c23458d4-80bb-4e74-bb05-4dc1c2ccd105",
                "orderIndex": 1,
                "content": { },
                "localisations": [ ]
              },
              {
                "id": "38b48c42-73cb-4216-8191-510d52e7e03d",
                "version": 1,
                "createdBy": "superuser",
                "modifiedBy": "superuser",
                "title": "My mind tends to wander",
                "label": "My mind tends to wander",
                "value": "wander",
                "image": null,
                "freeText": "dontShowFreeText",
                "freeTextLabel": null,
                "questionId": "c23458d4-80bb-4e74-bb05-4dc1c2ccd105",
                "orderIndex": 2,
                "content": { },
                "localisations": [ ]
              }
            ],
            "sectionId": "873aff85-1b08-463f-941b-a960bb37eb05",
            "formId": null,
            "orderIndex": 4,
            "content": { },
            "localisations": [ ]
          },
          {
            "id": "ea13f315-3988-4511-981f-981aedb0229e",
            "version": 1,
            "createdBy": "superuser",
            "modifiedBy": "superuser",
            "title": "Hours online",
            "question": "How many hours a day do you spend online?",
            "questionType": "single",
            "image": null,
            "rangeFrom": null,
            "rangeFromLabel": null,
            "rangeFromImage": null,
            "rangeTo": null,
            "rangeToLabel": null,
            "rangeToImage": null,
            "answerOptions": [
              {
                "id": "c4057cc5-2121-41de-a2c6-33c376831708",
                "version": 1,
                "createdBy": "superuser",
                "modifiedBy": "superuser",
                "title": "5-8 hours",
                "label": "5-8 hours",
                "value": "5-8",
                "image": null,
                "freeText": "dontShowFreeText",
                "freeTextLabel": null,
                "questionId": "ea13f315-3988-4511-981f-981aedb0229e",
                "orderIndex": 3,
                "content": { },
                "localisations": [ ]
              },
              {
                "id": "99b0c7c1-47f5-4658-8aa4-810176556dca",
                "version": 1,
                "createdBy": "superuser",
                "modifiedBy": "superuser",
                "title": "2-5 hours",
                "label": "2-5 hours",
                "value": "2-5",
                "image": null,
                "freeText": "dontShowFreeText",
                "freeTextLabel": null,
                "questionId": "ea13f315-3988-4511-981f-981aedb0229e",
                "orderIndex": 2,
                "content": { },
                "localisations": [ ]
              },
              {
                "id": "3b7fd10a-cfb6-4668-8261-d15c4b2c8197",
                "version": 1,
                "createdBy": "superuser",
                "modifiedBy": "superuser",
                "title": "I lost count",
                "label": "I lost count",
                "value": "8>",
                "image": null,
                "freeText": "dontShowFreeText",
                "freeTextLabel": null,
                "questionId": "ea13f315-3988-4511-981f-981aedb0229e",
                "orderIndex": 4,
                "content": { },
                "localisations": [ ]
              },
              {
                "id": "213d5934-eea1-45d8-bd94-b64027a4e7be",
                "version": 1,
                "createdBy": "superuser",
                "modifiedBy": "superuser",
                "title": "1-2 hours",
                "label": "1-2 hours",
                "value": "1-2",
                "image": null,
                "freeText": "dontShowFreeText",
                "freeTextLabel": null,
                "questionId": "ea13f315-3988-4511-981f-981aedb0229e",
                "orderIndex": 1,
                "content": { },
                "localisations": [ ]
              }
            ],
            "sectionId": "873aff85-1b08-463f-941b-a960bb37eb05",
            "formId": null,
            "orderIndex": 5,
            "content": { },
            "localisations": [ ]
          },
          {
            "id": "380e4c1c-6858-4842-b76e-8d7279b6f318",
            "version": 1,
            "createdBy": "superuser",
            "modifiedBy": "superuser",
            "title": "Time-travel",
            "question": "If you could time-travel, which period would you go to?",
            "questionType": "single",
            "image": null,
            "rangeFrom": null,
            "rangeFromLabel": null,
            "rangeFromImage": null,
            "rangeTo": null,
            "rangeToLabel": null,
            "rangeToImage": null,
            "answerOptions": [
              {
                "id": "5e5716e4-7221-4c16-8edd-997a9a3d452c",
                "version": 1,
                "createdBy": "superuser",
                "modifiedBy": "superuser",
                "title": "The future",
                "label": "The future",
                "value": "future",
                "image": null,
                "freeText": "dontShowFreeText",
                "freeTextLabel": null,
                "questionId": "380e4c1c-6858-4842-b76e-8d7279b6f318",
                "orderIndex": 2,
                "content": { },
                "localisations": [ ]
              },
              {
                "id": "28fddbbc-c13c-4326-875b-8a20c986ac8e",
                "version": 1,
                "createdBy": "superuser",
                "modifiedBy": "superuser",
                "title": "I’m good where I am",
                "label": "I’m good where I am",
                "value": "present",
                "image": null,
                "freeText": "dontShowFreeText",
                "freeTextLabel": null,
                "questionId": "380e4c1c-6858-4842-b76e-8d7279b6f318",
                "orderIndex": 3,
                "content": { },
                "localisations": [ ]
              },
              {
                "id": "eb2ee5c7-0880-4d48-a8f2-a8809d38df80",
                "version": 1,
                "createdBy": "superuser",
                "modifiedBy": "superuser",
                "title": "The past",
                "label": "The past",
                "value": "past",
                "image": null,
                "freeText": "dontShowFreeText",
                "freeTextLabel": null,
                "questionId": "380e4c1c-6858-4842-b76e-8d7279b6f318",
                "orderIndex": 1,
                "content": { },
                "localisations": [ ]
              }
            ],
            "sectionId": "873aff85-1b08-463f-941b-a960bb37eb05",
            "formId": null,
            "orderIndex": 3,
            "content": { },
            "localisations": [ ]
          },
          {
            "id": "b5ad27d4-9570-4226-aa4f-f7976ed27f3b",
            "version": 1,
            "createdBy": "superuser",
            "modifiedBy": "superuser",
            "title": "Superpower",
            "question": "Which superpower would you like to have?",
            "questionType": "single",
            "image": null,
            "rangeFrom": null,
            "rangeFromLabel": null,
            "rangeFromImage": null,
            "rangeTo": null,
            "rangeToLabel": null,
            "rangeToImage": null,
            "answerOptions": [
              {
                "id": "db3749e3-0a46-448d-bcc8-0d4fe8b5ee3c",
                "version": 1,
                "createdBy": "superuser",
                "modifiedBy": "superuser",
                "title": "Flying",
                "label": "Flying",
                "value": "flying",
                "image": null,
                "freeText": "dontShowFreeText",
                "freeTextLabel": null,
                "questionId": "b5ad27d4-9570-4226-aa4f-f7976ed27f3b",
                "orderIndex": 4,
                "content": { },
                "localisations": [ ]
              },
              {
                "id": "5e74e34f-36ec-4518-91df-0344dbd098b5",
                "version": 1,
                "createdBy": "superuser",
                "modifiedBy": "superuser",
                "title": "Teleportation",
                "label": "Teleportation",
                "value": "teleportation",
                "image": null,
                "freeText": "dontShowFreeText",
                "freeTextLabel": null,
                "questionId": "b5ad27d4-9570-4226-aa4f-f7976ed27f3b",
                "orderIndex": 3,
                "content": { },
                "localisations": [ ]
              },
              {
                "id": "42a63f4d-abe7-400f-84d1-2fd6d161ddd8",
                "version": 1,
                "createdBy": "superuser",
                "modifiedBy": "superuser",
                "title": "Mind reading",
                "label": "Mind reading",
                "value": "mind-reading",
                "image": null,
                "freeText": "dontShowFreeText",
                "freeTextLabel": null,
                "questionId": "b5ad27d4-9570-4226-aa4f-f7976ed27f3b",
                "orderIndex": 1,
                "content": { },
                "localisations": [ ]
              },
              {
                "id": "f68210aa-cd69-4b4a-83fb-4232e16aae5d",
                "version": 1,
                "createdBy": "superuser",
                "modifiedBy": "superuser",
                "title": "Invisibility",
                "label": "Invisibility",
                "value": "invisibility",
                "image": null,
                "freeText": "dontShowFreeText",
                "freeTextLabel": null,
                "questionId": "b5ad27d4-9570-4226-aa4f-f7976ed27f3b",
                "orderIndex": 2,
                "content": { },
                "localisations": [ ]
              }
            ],
            "sectionId": "873aff85-1b08-463f-941b-a960bb37eb05",
            "formId": null,
            "orderIndex": 2,
            "content": { },
            "localisations": [ ]
          },
          {
            "id": "dfc8a09b-1112-4f4f-a618-2a9255496d31",
            "version": 1,
            "createdBy": "superuser",
            "modifiedBy": "superuser",
            "title": "Early bird",
            "question": "Are you an early bird or a night owl?",
            "questionType": "single",
            "image": null,
            "rangeFrom": null,
            "rangeFromLabel": null,
            "rangeFromImage": null,
            "rangeTo": null,
            "rangeToLabel": null,
            "rangeToImage": null,
            "answerOptions": [
              {
                "id": "6c95d101-be7f-439e-bf24-d92087a90a3b",
                "version": 1,
                "createdBy": "superuser",
                "modifiedBy": "superuser",
                "title": "Early bird",
                "label": "Early bird",
                "value": "early-bird",
                "image": null,
                "freeText": "dontShowFreeText",
                "freeTextLabel": null,
                "questionId": "dfc8a09b-1112-4f4f-a618-2a9255496d31",
                "orderIndex": 1,
                "content": { },
                "localisations": [ ]
              },
              {
                "id": "cfdc681c-d6c8-48a2-af5d-4e5d6eb26fe1",
                "version": 1,
                "createdBy": "superuser",
                "modifiedBy": "superuser",
                "title": "Night owl",
                "label": "Night owl",
                "value": "night-owl",
                "image": null,
                "freeText": "dontShowFreeText",
                "freeTextLabel": null,
                "questionId": "dfc8a09b-1112-4f4f-a618-2a9255496d31",
                "orderIndex": 2,
                "content": { },
                "localisations": [ ]
              }
            ],
            "sectionId": "873aff85-1b08-463f-941b-a960bb37eb05",
            "formId": null,
            "orderIndex": 1,
            "content": { },
            "localisations": [ ]
          }
        ],
        "formId": "2ccd98a1-9081-4beb-a954-c2aa2b3b4248",
        "orderIndex": 2,
        "content": { },
        "localisations": [ ]
      },
      {
        "id": "3fc5f7ea-4991-4731-8cc3-2e359aac25de",
        "version": 1,
        "createdBy": "superuser",
        "modifiedBy": "superuser",
        "title": "Word cloud",
        "description": "Section of free text questions.",
        "questions": [
          {
            "id": "d712ca28-b50a-4302-b692-483e67617365",
            "version": 1,
            "createdBy": "superuser",
            "modifiedBy": "superuser",
            "title": "Tech invention",
            "question": "What’s the best tech invention of the 21st Century?",
            "questionType": "text",
            "image": null,
            "rangeFrom": null,
            "rangeFromLabel": null,
            "rangeFromImage": null,
            "rangeTo": null,
            "rangeToLabel": null,
            "rangeToImage": null,
            "answerOptions": [ ],
            "sectionId": "3fc5f7ea-4991-4731-8cc3-2e359aac25de",
            "formId": null,
            "orderIndex": 5,
            "content": { },
            "localisations": [ ]
          },
          {
            "id": "c75790a6-6f74-4a1c-8508-5f0bdca4c1dc",
            "version": 1,
            "createdBy": "superuser",
            "modifiedBy": "superuser",
            "title": "State of mind",
            "question": "Using one word, what’s your state of mind right now?",
            "questionType": "text",
            "image": null,
            "rangeFrom": null,
            "rangeFromLabel": null,
            "rangeFromImage": null,
            "rangeTo": null,
            "rangeToLabel": null,
            "rangeToImage": null,
            "answerOptions": [ ],
            "sectionId": "3fc5f7ea-4991-4731-8cc3-2e359aac25de",
            "formId": null,
            "orderIndex": 1,
            "content": { },
            "localisations": [ ]
          },
          {
            "id": "ae27d6ef-d0c9-48b8-bc4f-a621930f36b5",
            "version": 1,
            "createdBy": "superuser",
            "modifiedBy": "superuser",
            "title": "Inspires you",
            "question": "Which industry figure inspires you?",
            "questionType": "text",
            "image": null,
            "rangeFrom": null,
            "rangeFromLabel": null,
            "rangeFromImage": null,
            "rangeTo": null,
            "rangeToLabel": null,
            "rangeToImage": null,
            "answerOptions": [ ],
            "sectionId": "3fc5f7ea-4991-4731-8cc3-2e359aac25de",
            "formId": null,
            "orderIndex": 2,
            "content": { },
            "localisations": [ ]
          },
          {
            "id": "d8b56533-2391-423a-950a-a19b40a8b1bc",
            "version": 1,
            "createdBy": "superuser",
            "modifiedBy": "superuser",
            "title": "Role model",
            "question": "Who is your role model?",
            "questionType": "text",
            "image": null,
            "rangeFrom": null,
            "rangeFromLabel": null,
            "rangeFromImage": null,
            "rangeTo": null,
            "rangeToLabel": null,
            "rangeToImage": null,
            "answerOptions": [ ],
            "sectionId": "3fc5f7ea-4991-4731-8cc3-2e359aac25de",
            "formId": null,
            "orderIndex": 3,
            "content": { },
            "localisations": [ ]
          },
          {
            "id": "837025e9-4002-4943-9d0c-e35c62f92942",
            "version": 1,
            "createdBy": "superuser",
            "modifiedBy": "superuser",
            "title": "Grateful for",
            "question": "What are you most grateful for?",
            "questionType": "text",
            "image": null,
            "rangeFrom": null,
            "rangeFromLabel": null,
            "rangeFromImage": null,
            "rangeTo": null,
            "rangeToLabel": null,
            "rangeToImage": null,
            "answerOptions": [ ],
            "sectionId": "3fc5f7ea-4991-4731-8cc3-2e359aac25de",
            "formId": null,
            "orderIndex": 4,
            "content": { },
            "localisations": [ ]
          }
        ],
        "formId": "2ccd98a1-9081-4beb-a954-c2aa2b3b4248",
        "orderIndex": 1,
        "content": { },
        "localisations": [ ]
      },
      {
        "id": "462e65cd-336f-42c4-8e51-d26dc7097089",
        "version": 1,
        "createdBy": "superuser",
        "modifiedBy": "superuser",
        "title": "Multi option",
        "description": "Section of multi choice questions.",
        "questions": [
          {
            "id": "04fd750f-b958-4f08-bf6b-622b6c87ef52",
            "version": 1,
            "createdBy": "superuser",
            "modifiedBy": "superuser",
            "title": "Improving areas",
            "question": "Which of these areas should we focus on improving?",
            "questionType": "multi",
            "image": null,
            "rangeFrom": null,
            "rangeFromLabel": null,
            "rangeFromImage": null,
            "rangeTo": null,
            "rangeToLabel": null,
            "rangeToImage": null,
            "answerOptions": [
              {
                "id": "8420e8f0-3ea6-4e53-a30f-2ae40e280733",
                "version": 2,
                "createdBy": "superuser",
                "modifiedBy": "superuser",
                "title": "Project management",
                "label": "Project management",
                "value": "pm",
                "image": null,
                "freeText": "dontShowFreeText",
                "freeTextLabel": null,
                "questionId": "04fd750f-b958-4f08-bf6b-622b6c87ef52",
                "orderIndex": 1,
                "content": { },
                "localisations": [ ]
              },
              {
                "id": "d8d65309-d64d-4d72-982d-06b8779df7f9",
                "version": 1,
                "createdBy": "superuser",
                "modifiedBy": "superuser",
                "title": "Human resources",
                "label": "Human resources",
                "value": "hr",
                "image": null,
                "freeText": "dontShowFreeText",
                "freeTextLabel": null,
                "questionId": "04fd750f-b958-4f08-bf6b-622b6c87ef52",
                "orderIndex": 3,
                "content": { },
                "localisations": [ ]
              },
              {
                "id": "14c67460-c848-4524-8c05-f07949c536ad",
                "version": 1,
                "createdBy": "superuser",
                "modifiedBy": "superuser",
                "title": "Technical development",
                "label": "Technical development",
                "value": "dev",
                "image": null,
                "freeText": "dontShowFreeText",
                "freeTextLabel": null,
                "questionId": "04fd750f-b958-4f08-bf6b-622b6c87ef52",
                "orderIndex": 2,
                "content": { },
                "localisations": [ ]
              },
              {
                "id": "a2218f48-e9ad-44f6-a195-89292564d7be",
                "version": 1,
                "createdBy": "superuser",
                "modifiedBy": "superuser",
                "title": "Strategic planning",
                "label": "Strategic planning",
                "value": "plan",
                "image": null,
                "freeText": "dontShowFreeText",
                "freeTextLabel": null,
                "questionId": "04fd750f-b958-4f08-bf6b-622b6c87ef52",
                "orderIndex": 4,
                "content": { },
                "localisations": [ ]
              }
            ],
            "sectionId": "462e65cd-336f-42c4-8e51-d26dc7097089",
            "formId": null,
            "orderIndex": 5,
            "content": { },
            "localisations": [ ]
          },
          {
            "id": "00687337-f69a-4b0b-a2b4-60b69eae01cf",
            "version": 1,
            "createdBy": "superuser",
            "modifiedBy": "superuser",
            "title": "Project priority",
            "question": "Which projects should we prioritize this quarter?",
            "questionType": "multi",
            "image": null,
            "rangeFrom": null,
            "rangeFromLabel": null,
            "rangeFromImage": null,
            "rangeTo": null,
            "rangeToLabel": null,
            "rangeToImage": null,
            "answerOptions": [
              {
                "id": "993ee94a-1224-4fa4-ad82-7fd7a05997fe",
                "version": 1,
                "createdBy": "superuser",
                "modifiedBy": "superuser",
                "title": "ASM",
                "label": "ASM",
                "value": "ASM",
                "image": null,
                "freeText": "dontShowFreeText",
                "freeTextLabel": null,
                "questionId": "00687337-f69a-4b0b-a2b4-60b69eae01cf",
                "orderIndex": 1,
                "content": { },
                "localisations": [ ]
              },
              {
                "id": "93cfd18f-86d0-485e-bccc-48e68f090bb3",
                "version": 1,
                "createdBy": "superuser",
                "modifiedBy": "superuser",
                "title": "WTF",
                "label": "WTF",
                "value": "WTF",
                "image": null,
                "freeText": "dontShowFreeText",
                "freeTextLabel": null,
                "questionId": "00687337-f69a-4b0b-a2b4-60b69eae01cf",
                "orderIndex": 4,
                "content": { },
                "localisations": [ ]
              },
              {
                "id": "e5af63dd-54d5-4705-9ce4-2f36d22963b6",
                "version": 1,
                "createdBy": "superuser",
                "modifiedBy": "superuser",
                "title": "SOS",
                "label": "SOS",
                "value": "SOS",
                "image": null,
                "freeText": "dontShowFreeText",
                "freeTextLabel": null,
                "questionId": "00687337-f69a-4b0b-a2b4-60b69eae01cf",
                "orderIndex": 3,
                "content": { },
                "localisations": [ ]
              },
              {
                "id": "f705a819-1a1c-435f-abc9-21966ed918bc",
                "version": 1,
                "createdBy": "superuser",
                "modifiedBy": "superuser",
                "title": "MMF",
                "label": "MMF",
                "value": "MMF",
                "image": null,
                "freeText": "dontShowFreeText",
                "freeTextLabel": null,
                "questionId": "00687337-f69a-4b0b-a2b4-60b69eae01cf",
                "orderIndex": 2,
                "content": { },
                "localisations": [ ]
              }
            ],
            "sectionId": "462e65cd-336f-42c4-8e51-d26dc7097089",
            "formId": null,
            "orderIndex": 1,
            "content": { },
            "localisations": [ ]
          },
          {
            "id": "e2440662-89d8-4eaa-adcd-3d65df31b757",
            "version": 1,
            "createdBy": "superuser",
            "modifiedBy": "superuser",
            "title": "Strangest thing",
            "question": "What’s the strangest thing you did while attending a meeting online?",
            "questionType": "multi",
            "image": null,
            "rangeFrom": null,
            "rangeFromLabel": null,
            "rangeFromImage": null,
            "rangeTo": null,
            "rangeToLabel": null,
            "rangeToImage": null,
            "answerOptions": [
              {
                "id": "66c2831f-3282-4fb0-b00c-8257d4a9e893",
                "version": 1,
                "createdBy": "superuser",
                "modifiedBy": "superuser",
                "title": "Ate breakfast",
                "label": "Ate breakfast",
                "value": "ate",
                "image": null,
                "freeText": "dontShowFreeText",
                "freeTextLabel": null,
                "questionId": "e2440662-89d8-4eaa-adcd-3d65df31b757",
                "orderIndex": 1,
                "content": { },
                "localisations": [ ]
              },
              {
                "id": "0b96c0d5-4864-42d6-a442-88aa331afc53",
                "version": 1,
                "createdBy": "superuser",
                "modifiedBy": "superuser",
                "title": "Wore pajamas",
                "label": "Wore pajamas",
                "value": "pajamas",
                "image": null,
                "freeText": "dontShowFreeText",
                "freeTextLabel": null,
                "questionId": "e2440662-89d8-4eaa-adcd-3d65df31b757",
                "orderIndex": 2,
                "content": { },
                "localisations": [ ]
              },
              {
                "id": "948d5889-3459-41b0-964f-17d0fa47f80b",
                "version": 1,
                "createdBy": "superuser",
                "modifiedBy": "superuser",
                "title": "Watched Netflix",
                "label": "Watched Netflix",
                "value": "netflix",
                "image": null,
                "freeText": "dontShowFreeText",
                "freeTextLabel": null,
                "questionId": "e2440662-89d8-4eaa-adcd-3d65df31b757",
                "orderIndex": 4,
                "content": { },
                "localisations": [ ]
              },
              {
                "id": "ce1f934f-f70f-49e9-9504-a25294bb99e0",
                "version": 1,
                "createdBy": "superuser",
                "modifiedBy": "superuser",
                "title": "Other, but my lips are sealed",
                "label": "Other, but my lips are sealed",
                "value": "other",
                "image": null,
                "freeText": "showFreeText",
                "freeTextLabel": "We would not tell anyone ...",
                "questionId": "e2440662-89d8-4eaa-adcd-3d65df31b757",
                "orderIndex": 5,
                "content": { },
                "localisations": [ ]
              },
              {
                "id": "8d4c7ea6-8a27-4ced-9db7-95c753473f8d",
                "version": 1,
                "createdBy": "superuser",
                "modifiedBy": "superuser",
                "title": "Cooked lunch/dinner",
                "label": "Cooked lunch/dinner",
                "value": "cooked",
                "image": null,
                "freeText": "dontShowFreeText",
                "freeTextLabel": null,
                "questionId": "e2440662-89d8-4eaa-adcd-3d65df31b757",
                "orderIndex": 3,
                "content": { },
                "localisations": [ ]
              }
            ],
            "sectionId": "462e65cd-336f-42c4-8e51-d26dc7097089",
            "formId": null,
            "orderIndex": 3,
            "content": { },
            "localisations": [ ]
          },
          {
            "id": "502a3270-3e81-45a2-a4d4-b81571c20150",
            "version": 1,
            "createdBy": "superuser",
            "modifiedBy": "superuser",
            "title": "State of mind",
            "question": "If age is only a state of mind, which category best describes your state of mind right now?",
            "questionType": "multi",
            "image": null,
            "rangeFrom": null,
            "rangeFromLabel": null,
            "rangeFromImage": null,
            "rangeTo": null,
            "rangeToLabel": null,
            "rangeToImage": null,
            "answerOptions": [
              {
                "id": "0df9c286-713f-4844-b22e-17d8d516d6a9",
                "version": 1,
                "createdBy": "superuser",
                "modifiedBy": "superuser",
                "title": "Cheeky child",
                "label": "Cheeky child",
                "value": "child",
                "image": null,
                "freeText": "dontShowFreeText",
                "freeTextLabel": null,
                "questionId": "502a3270-3e81-45a2-a4d4-b81571c20150",
                "orderIndex": 1,
                "content": { },
                "localisations": [ ]
              },
              {
                "id": "48c8b848-c6b4-4e35-98ab-e90012f06269",
                "version": 1,
                "createdBy": "superuser",
                "modifiedBy": "superuser",
                "title": "Tormented teenager",
                "label": "Tormented teenager",
                "value": "teenager",
                "image": null,
                "freeText": "dontShowFreeText",
                "freeTextLabel": null,
                "questionId": "502a3270-3e81-45a2-a4d4-b81571c20150",
                "orderIndex": 2,
                "content": { },
                "localisations": [ ]
              },
              {
                "id": "60836904-168d-43e7-8831-8e4a00114176",
                "version": 1,
                "createdBy": "superuser",
                "modifiedBy": "superuser",
                "title": "Mad mid-lifer",
                "label": "Mad mid-lifer",
                "value": "mid-lifer",
                "image": null,
                "freeText": "dontShowFreeText",
                "freeTextLabel": null,
                "questionId": "502a3270-3e81-45a2-a4d4-b81571c20150",
                "orderIndex": 3,
                "content": { },
                "localisations": [ ]
              },
              {
                "id": "0160fa8d-fd7d-4010-adc8-f38a4e5397d1",
                "version": 1,
                "createdBy": "superuser",
                "modifiedBy": "superuser",
                "title": "Groovy grandparent",
                "label": "Groovy grandparent",
                "value": "grandparent",
                "image": null,
                "freeText": "dontShowFreeText",
                "freeTextLabel": null,
                "questionId": "502a3270-3e81-45a2-a4d4-b81571c20150",
                "orderIndex": 4,
                "content": { },
                "localisations": [ ]
              }
            ],
            "sectionId": "462e65cd-336f-42c4-8e51-d26dc7097089",
            "formId": null,
            "orderIndex": 4,
            "content": { },
            "localisations": [ ]
          },
          {
            "id": "e77aed2e-494c-4e6f-8bd6-9a647bbf42e1",
            "version": 1,
            "createdBy": "superuser",
            "modifiedBy": "superuser",
            "title": "Responsible for L&D",
            "question": "Who should be responsible for L&D?",
            "questionType": "multi",
            "image": null,
            "rangeFrom": null,
            "rangeFromLabel": null,
            "rangeFromImage": null,
            "rangeTo": null,
            "rangeToLabel": null,
            "rangeToImage": null,
            "answerOptions": [
              {
                "id": "0930595f-63dc-43cd-bb79-eec13c30d37a",
                "version": 1,
                "createdBy": "superuser",
                "modifiedBy": "superuser",
                "title": "Team lead",
                "label": "Team lead",
                "value": "team-lead",
                "image": null,
                "freeText": "dontShowFreeText",
                "freeTextLabel": null,
                "questionId": "e77aed2e-494c-4e6f-8bd6-9a647bbf42e1",
                "orderIndex": 2,
                "content": { },
                "localisations": [ ]
              },
              {
                "id": "5f7f57ce-e394-4a51-82cd-85eb88e8e132",
                "version": 1,
                "createdBy": "superuser",
                "modifiedBy": "superuser",
                "title": "Individual",
                "label": "Individual",
                "value": "individual",
                "image": null,
                "freeText": "dontShowFreeText",
                "freeTextLabel": null,
                "questionId": "e77aed2e-494c-4e6f-8bd6-9a647bbf42e1",
                "orderIndex": 1,
                "content": { },
                "localisations": [ ]
              },
              {
                "id": "22cef728-0b30-4c04-ae6d-d0847173366c",
                "version": 1,
                "createdBy": "superuser",
                "modifiedBy": "superuser",
                "title": "HR",
                "label": "HR",
                "value": "hr",
                "image": null,
                "freeText": "dontShowFreeText",
                "freeTextLabel": null,
                "questionId": "e77aed2e-494c-4e6f-8bd6-9a647bbf42e1",
                "orderIndex": 3,
                "content": { },
                "localisations": [ ]
              }
            ],
            "sectionId": "462e65cd-336f-42c4-8e51-d26dc7097089",
            "formId": null,
            "orderIndex": 2,
            "content": { },
            "localisations": [ ]
          }
        ],
        "formId": "2ccd98a1-9081-4beb-a954-c2aa2b3b4248",
        "orderIndex": 3,
        "content": { },
        "localisations": [ ]
      }
    ],
    "questions": [ ],
    "rules": [ ],
    "anonymize": false,
    "onlyAuthenticated": false,
    "publicResults": true,
    "orderIndex": 1,
    "content": { },
    "localisations": [ ]
  }
]


info.magnolia.form.endpoints.v1.FormEndpointTest.getForms=[
  [
    {
      "id": "2ccd98a1-9081-4beb-a954-c2aa2b3b4248",
      "version": 1,
      "createdBy": "superuser",
      "modifiedBy": "superuser",
      "title": "Example form",
      "description": "Poll with different types of questions.\\nPlease answer the questions bellow!",
      "image": null,
      "sections": [ ],
      "questions": [ ],
      "rules": [ ],
      "anonymize": false,
      "onlyAuthenticated": false,
      "publicResults": true,
      "orderIndex": 1,
      "content": { },
      "localisations": [ ]
    }
  ]
]


info.magnolia.form.endpoints.v1.FormEndpointTest.postResponse=[
  {
    "version": 1,
    "createdBy": "test user",
    "modifiedBy": "test user",
    "items": [
      {
        "version": 1,
        "createdBy": "test user",
        "modifiedBy": "test user",
        "value": "8>",
        "questionId": "ea13f315-3988-4511-981f-981aedb0229e",
        "freeTextValue": null
      },
      {
        "version": 1,
        "createdBy": "test user",
        "modifiedBy": "test user",
        "value": "Nikola Tesla",
        "questionId": "ae27d6ef-d0c9-48b8-bc4f-a621930f36b5",
        "freeTextValue": null
      },
      {
        "version": 1,
        "createdBy": "test user",
        "modifiedBy": "test user",
        "value": "WTF",
        "questionId": "00687337-f69a-4b0b-a2b4-60b69eae01cf",
        "freeTextValue": null
      },
      {
        "version": 1,
        "createdBy": "test user",
        "modifiedBy": "test user",
        "value": "bitcoin",
        "questionId": "d712ca28-b50a-4302-b692-483e67617365",
        "freeTextValue": null
      },
      {
        "version": 1,
        "createdBy": "test user",
        "modifiedBy": "test user",
        "value": "dev",
        "questionId": "04fd750f-b958-4f08-bf6b-622b6c87ef52",
        "freeTextValue": null
      },
      {
        "version": 1,
        "createdBy": "test user",
        "modifiedBy": "test user",
        "value": "father",
        "questionId": "d8b56533-2391-423a-950a-a19b40a8b1bc",
        "freeTextValue": null
      },
      {
        "version": 1,
        "createdBy": "test user",
        "modifiedBy": "test user",
        "value": "flying",
        "questionId": "b5ad27d4-9570-4226-aa4f-f7976ed27f3b",
        "freeTextValue": null
      },
      {
        "version": 1,
        "createdBy": "test user",
        "modifiedBy": "test user",
        "value": "future",
        "questionId": "380e4c1c-6858-4842-b76e-8d7279b6f318",
        "freeTextValue": null
      },
      {
        "version": 1,
        "createdBy": "test user",
        "modifiedBy": "test user",
        "value": "grandparent",
        "questionId": "502a3270-3e81-45a2-a4d4-b81571c20150",
        "freeTextValue": null
      },
      {
        "version": 1,
        "createdBy": "test user",
        "modifiedBy": "test user",
        "value": "individual",
        "questionId": "e77aed2e-494c-4e6f-8bd6-9a647bbf42e1",
        "freeTextValue": null
      },
      {
        "version": 1,
        "createdBy": "test user",
        "modifiedBy": "test user",
        "value": "life",
        "questionId": "d712ca28-b50a-4302-b692-483e67617365",
        "freeTextValue": null
      },
      {
        "version": 1,
        "createdBy": "test user",
        "modifiedBy": "test user",
        "value": "night-owl",
        "questionId": "dfc8a09b-1112-4f4f-a618-2a9255496d31",
        "freeTextValue": null
      },
      {
        "version": 1,
        "createdBy": "test user",
        "modifiedBy": "test user",
        "value": "no",
        "questionId": "c23458d4-80bb-4e74-bb05-4dc1c2ccd105",
        "freeTextValue": null
      },
      {
        "version": 1,
        "createdBy": "test user",
        "modifiedBy": "test user",
        "value": "pajamas",
        "questionId": "e2440662-89d8-4eaa-adcd-3d65df31b757",
        "freeTextValue": null
      },
      {
        "version": 1,
        "createdBy": "test user",
        "modifiedBy": "test user",
        "value": "powerful",
        "questionId": "c75790a6-6f74-4a1c-8508-5f0bdca4c1dc",
        "freeTextValue": null
      }
    ],
    "formId": "2ccd98a1-9081-4beb-a954-c2aa2b3b4248"
  }
]